// Jest Snapshot v1, https://goo.gl/fbAQLP

exports[`App should match snapshot 1`] = `
<div
  className="App"
>
  <h1>
    Vino Cellar
  </h1>
  <section>
    <WineForm
      getWines={[Function]}
    />
    <Wines
      removeVino={[Function]}
      wines={Array []}
    />
  </section>
</div>
`;
